Archive member included because of file (symbol)

f:/bin/ggctoolchain/bin/../lib/gcc/arm-none-eabi/4.9.3/armv7e-m\libgcc.a(_arm_addsubdf3.o)
                              ..\obj\main.o (__aeabi_i2d)
f:/bin/ggctoolchain/bin/../lib/gcc/arm-none-eabi/4.9.3/armv7e-m\libgcc.a(_arm_muldivdf3.o)
                              ..\obj\main.o (__aeabi_ddiv)
f:/bin/ggctoolchain/bin/../lib/gcc/arm-none-eabi/4.9.3/armv7e-m\libgcc.a(_arm_truncdfsf2.o)
                              ..\obj\main.o (__aeabi_d2f)
f:/bin/ggctoolchain/bin/../lib/gcc/arm-none-eabi/4.9.3/armv7e-m\libgcc.a(_arm_addsubsf3.o)
                              ..\obj\main.o (__aeabi_fsub)
f:/bin/ggctoolchain/bin/../lib/gcc/arm-none-eabi/4.9.3/armv7e-m\libgcc.a(_arm_muldivsf3.o)
                              ..\obj\main.o (__aeabi_fmul)
f:/bin/ggctoolchain/bin/../lib/gcc/arm-none-eabi/4.9.3/armv7e-m\libgcc.a(_arm_cmpsf2.o)
                              ..\obj\main.o (__aeabi_fcmplt)
f:/bin/ggctoolchain/bin/../lib/gcc/arm-none-eabi/4.9.3/armv7e-m\libgcc.a(_arm_fixunssfsi.o)
                              ..\obj\main.o (__aeabi_f2uiz)
f:/bin/ggctoolchain/bin/../lib/gcc/arm-none-eabi/4.9.3/../../../../arm-none-eabi/lib/armv7e-m\libg.a(lib_a-atoi.o)
                              ..\obj\main.o (atoi)
f:/bin/ggctoolchain/bin/../lib/gcc/arm-none-eabi/4.9.3/../../../../arm-none-eabi/lib/armv7e-m\libg.a(lib_a-strtol.o)
                              f:/bin/ggctoolchain/bin/../lib/gcc/arm-none-eabi/4.9.3/../../../../arm-none-eabi/lib/armv7e-m\libg.a(lib_a-atoi.o) (_strtol_r)
f:/bin/ggctoolchain/bin/../lib/gcc/arm-none-eabi/4.9.3/../../../../arm-none-eabi/lib/armv7e-m\libg.a(lib_a-ctype_.o)
                              f:/bin/ggctoolchain/bin/../lib/gcc/arm-none-eabi/4.9.3/../../../../arm-none-eabi/lib/armv7e-m\libg.a(lib_a-strtol.o) (__ctype_ptr__)
f:/bin/ggctoolchain/bin/../lib/gcc/arm-none-eabi/4.9.3/../../../../arm-none-eabi/lib/armv7e-m\libg.a(lib_a-impure.o)
                              f:/bin/ggctoolchain/bin/../lib/gcc/arm-none-eabi/4.9.3/../../../../arm-none-eabi/lib/armv7e-m\libg.a(lib_a-strtol.o) (_impure_ptr)

Allocating common symbols
Common symbol       size              file

kierunek            0x4               ..\obj\main.o
timl                0x4               ..\obj\main.o
ciag                0x4               ..\obj\main.o
bufor               0x6               ..\obj\main.o
timp                0x4               ..\obj\main.o

Discarded input sections

 .text          0x00000000        0x0 ..\obj\stm32f4xx_usart.o
 .data          0x00000000        0x0 ..\obj\stm32f4xx_usart.o
 .bss           0x00000000        0x0 ..\obj\stm32f4xx_usart.o
 .text.USART_DeInit
                0x00000000       0xd0 ..\obj\stm32f4xx_usart.o
 .text.USART_StructInit
                0x00000000       0x38 ..\obj\stm32f4xx_usart.o
 .text.USART_ClockInit
                0x00000000       0x54 ..\obj\stm32f4xx_usart.o
 .text.USART_ClockStructInit
                0x00000000       0x2c ..\obj\stm32f4xx_usart.o
 .text.USART_SetPrescaler
                0x00000000       0x38 ..\obj\stm32f4xx_usart.o
 .text.USART_OverSampling8Cmd
                0x00000000       0x44 ..\obj\stm32f4xx_usart.o
 .text.USART_OneBitMethodCmd
                0x00000000       0x40 ..\obj\stm32f4xx_usart.o
 .text.USART_SendData
                0x00000000       0x24 ..\obj\stm32f4xx_usart.o
 .text.USART_SetAddress
                0x00000000       0x38 ..\obj\stm32f4xx_usart.o
 .text.USART_ReceiverWakeUpCmd
                0x00000000       0x40 ..\obj\stm32f4xx_usart.o
 .text.USART_WakeUpConfig
                0x00000000       0x38 ..\obj\stm32f4xx_usart.o
 .text.USART_LINBreakDetectLengthConfig
                0x00000000       0x38 ..\obj\stm32f4xx_usart.o
 .text.USART_LINCmd
                0x00000000       0x40 ..\obj\stm32f4xx_usart.o
 .text.USART_SendBreak
                0x00000000       0x24 ..\obj\stm32f4xx_usart.o
 .text.USART_HalfDuplexCmd
                0x00000000       0x40 ..\obj\stm32f4xx_usart.o
 .text.USART_SetGuardTime
                0x00000000       0x3c ..\obj\stm32f4xx_usart.o
 .text.USART_SmartCardCmd
                0x00000000       0x40 ..\obj\stm32f4xx_usart.o
 .text.USART_SmartCardNACKCmd
                0x00000000       0x40 ..\obj\stm32f4xx_usart.o
 .text.USART_IrDAConfig
                0x00000000       0x38 ..\obj\stm32f4xx_usart.o
 .text.USART_IrDACmd
                0x00000000       0x40 ..\obj\stm32f4xx_usart.o
 .text.USART_DMACmd
                0x00000000       0x48 ..\obj\stm32f4xx_usart.o
 .text.USART_ClearFlag
                0x00000000       0x20 ..\obj\stm32f4xx_usart.o
 .text          0x00000000        0x0 ..\obj\startup_stm32f4xx.o
 .data          0x00000000        0x0 ..\obj\startup_stm32f4xx.o
 .bss           0x00000000        0x0 ..\obj\startup_stm32f4xx.o
 .text          0x00000000        0x0 ..\obj\main.o
 .text          0x00000000        0x0 ..\obj\stm32f4xx_rcc.o
 .bss           0x00000000        0x0 ..\obj\stm32f4xx_rcc.o
 .text.RCC_DeInit
                0x00000000       0x50 ..\obj\stm32f4xx_rcc.o
 .text.RCC_HSEConfig
                0x00000000       0x24 ..\obj\stm32f4xx_rcc.o
 .text.RCC_WaitForHSEStartUp
                0x00000000       0x50 ..\obj\stm32f4xx_rcc.o
 .text.RCC_AdjustHSICalibrationValue
                0x00000000       0x3c ..\obj\stm32f4xx_rcc.o
 .text.RCC_HSICmd
                0x00000000       0x20 ..\obj\stm32f4xx_rcc.o
 .text.RCC_LSEConfig
                0x00000000       0x40 ..\obj\stm32f4xx_rcc.o
 .text.RCC_LSICmd
                0x00000000       0x20 ..\obj\stm32f4xx_rcc.o
 .text.RCC_PLLConfig
                0x00000000       0x3c ..\obj\stm32f4xx_rcc.o
 .text.RCC_PLLCmd
                0x00000000       0x20 ..\obj\stm32f4xx_rcc.o
 .text.RCC_PLLI2SConfig
                0x00000000       0x28 ..\obj\stm32f4xx_rcc.o
 .text.RCC_PLLI2SCmd
                0x00000000       0x20 ..\obj\stm32f4xx_rcc.o
 .text.RCC_ClockSecuritySystemCmd
                0x00000000       0x20 ..\obj\stm32f4xx_rcc.o
 .text.RCC_MCO1Config
                0x00000000       0x3c ..\obj\stm32f4xx_rcc.o
 .text.RCC_MCO2Config
                0x00000000       0x3c ..\obj\stm32f4xx_rcc.o
 .text.RCC_SYSCLKConfig
                0x00000000       0x38 ..\obj\stm32f4xx_rcc.o
 .text.RCC_GetSYSCLKSource
                0x00000000       0x20 ..\obj\stm32f4xx_rcc.o
 .text.RCC_HCLKConfig
                0x00000000       0x38 ..\obj\stm32f4xx_rcc.o
 .text.RCC_PCLK1Config
                0x00000000       0x38 ..\obj\stm32f4xx_rcc.o
 .text.RCC_PCLK2Config
                0x00000000       0x38 ..\obj\stm32f4xx_rcc.o
 .text.RCC_RTCCLKConfig
                0x00000000       0x5c ..\obj\stm32f4xx_rcc.o
 .text.RCC_RTCCLKCmd
                0x00000000       0x20 ..\obj\stm32f4xx_rcc.o
 .text.RCC_BackupResetCmd
                0x00000000       0x20 ..\obj\stm32f4xx_rcc.o
 .text.RCC_I2SCLKConfig
                0x00000000       0x1c ..\obj\stm32f4xx_rcc.o
 .text.RCC_AHB2PeriphClockCmd
                0x00000000       0x3c ..\obj\stm32f4xx_rcc.o
 .text.RCC_AHB3PeriphClockCmd
                0x00000000       0x3c ..\obj\stm32f4xx_rcc.o
 .text.RCC_APB2PeriphClockCmd
                0x00000000       0x3c ..\obj\stm32f4xx_rcc.o
 .text.RCC_AHB1PeriphResetCmd
                0x00000000       0x3c ..\obj\stm32f4xx_rcc.o
 .text.RCC_AHB2PeriphResetCmd
                0x00000000       0x3c ..\obj\stm32f4xx_rcc.o
 .text.RCC_AHB3PeriphResetCmd
                0x00000000       0x3c ..\obj\stm32f4xx_rcc.o
 .text.RCC_APB1PeriphResetCmd
                0x00000000       0x3c ..\obj\stm32f4xx_rcc.o
 .text.RCC_APB2PeriphResetCmd
                0x00000000       0x3c ..\obj\stm32f4xx_rcc.o
 .text.RCC_AHB1PeriphClockLPModeCmd
                0x00000000       0x3c ..\obj\stm32f4xx_rcc.o
 .text.RCC_AHB2PeriphClockLPModeCmd
                0x00000000       0x3c ..\obj\stm32f4xx_rcc.o
 .text.RCC_AHB3PeriphClockLPModeCmd
                0x00000000       0x3c ..\obj\stm32f4xx_rcc.o
 .text.RCC_APB1PeriphClockLPModeCmd
                0x00000000       0x3c ..\obj\stm32f4xx_rcc.o
 .text.RCC_APB2PeriphClockLPModeCmd
                0x00000000       0x3c ..\obj\stm32f4xx_rcc.o
 .text.RCC_ITConfig
                0x00000000       0x4c ..\obj\stm32f4xx_rcc.o
 .text.RCC_GetFlagStatus
                0x00000000       0x74 ..\obj\stm32f4xx_rcc.o
 .text.RCC_ClearFlag
                0x00000000       0x1c ..\obj\stm32f4xx_rcc.o
 .text.RCC_GetITStatus
                0x00000000       0x38 ..\obj\stm32f4xx_rcc.o
 .text.RCC_ClearITPendingBit
                0x00000000       0x20 ..\obj\stm32f4xx_rcc.o
 .text          0x00000000        0x0 ..\obj\stm32f4xx_gpio.o
 .data          0x00000000        0x0 ..\obj\stm32f4xx_gpio.o
 .bss           0x00000000        0x0 ..\obj\stm32f4xx_gpio.o
 .text.GPIO_DeInit
                0x00000000      0x120 ..\obj\stm32f4xx_gpio.o
 .text.GPIO_StructInit
                0x00000000       0x34 ..\obj\stm32f4xx_gpio.o
 .text.GPIO_PinLockConfig
                0x00000000       0x44 ..\obj\stm32f4xx_gpio.o
 .text.GPIO_ReadInputDataBit
                0x00000000       0x34 ..\obj\stm32f4xx_gpio.o
 .text.GPIO_ReadInputData
                0x00000000       0x1c ..\obj\stm32f4xx_gpio.o
 .text.GPIO_ReadOutputDataBit
                0x00000000       0x34 ..\obj\stm32f4xx_gpio.o
 .text.GPIO_ReadOutputData
                0x00000000       0x1c ..\obj\stm32f4xx_gpio.o
 .text.GPIO_WriteBit
                0x00000000       0x30 ..\obj\stm32f4xx_gpio.o
 .text.GPIO_Write
                0x00000000       0x1c ..\obj\stm32f4xx_gpio.o
 .text.GPIO_ToggleBits
                0x00000000       0x24 ..\obj\stm32f4xx_gpio.o
 .text          0x00000000        0x0 ..\obj\system_stm32f4xx.o
 .bss           0x00000000        0x0 ..\obj\system_stm32f4xx.o
 .text          0x00000000        0x0 ..\obj\misc.o
 .data          0x00000000        0x0 ..\obj\misc.o
 .bss           0x00000000        0x0 ..\obj\misc.o
 .text.NVIC_PriorityGroupConfig
                0x00000000       0x24 ..\obj\misc.o
 .text.NVIC_SetVectorTable
                0x00000000       0x2c ..\obj\misc.o
 .text.NVIC_SystemLPConfig
                0x00000000       0x40 ..\obj\misc.o
 .text.SysTick_CLKSourceConfig
                0x00000000       0x38 ..\obj\misc.o
 .text          0x00000000        0x0 ..\obj\stm32f4xx_tim.o
 .data          0x00000000        0x0 ..\obj\stm32f4xx_tim.o
 .bss           0x00000000        0x0 ..\obj\stm32f4xx_tim.o
 .text.TIM_DeInit
                0x00000000      0x1bc ..\obj\stm32f4xx_tim.o
 .text.TIM_TimeBaseStructInit
                0x00000000       0x34 ..\obj\stm32f4xx_tim.o
 .text.TIM_PrescalerConfig
                0x00000000       0x28 ..\obj\stm32f4xx_tim.o
 .text.TIM_CounterModeConfig
                0x00000000       0x38 ..\obj\stm32f4xx_tim.o
 .text.TIM_SetCounter
                0x00000000       0x1c ..\obj\stm32f4xx_tim.o
 .text.TIM_SetAutoreload
                0x00000000       0x1c ..\obj\stm32f4xx_tim.o
 .text.TIM_GetCounter
                0x00000000       0x18 ..\obj\stm32f4xx_tim.o
 .text.TIM_GetPrescaler
                0x00000000       0x1c ..\obj\stm32f4xx_tim.o
 .text.TIM_UpdateDisableConfig
                0x00000000       0x40 ..\obj\stm32f4xx_tim.o
 .text.TIM_UpdateRequestConfig
                0x00000000       0x40 ..\obj\stm32f4xx_tim.o
 .text.TIM_ARRPreloadConfig
                0x00000000       0x40 ..\obj\stm32f4xx_tim.o
 .text.TIM_SelectOnePulseMode
                0x00000000       0x38 ..\obj\stm32f4xx_tim.o
 .text.TIM_SetClockDivision
                0x00000000       0x38 ..\obj\stm32f4xx_tim.o
 .text.TIM_OC3Init
                0x00000000      0x10c ..\obj\stm32f4xx_tim.o
 .text.TIM_OC4Init
                0x00000000       0xcc ..\obj\stm32f4xx_tim.o
 .text.TIM_OCStructInit
                0x00000000       0x44 ..\obj\stm32f4xx_tim.o
 .text.TIM_SelectOCxM
                0x00000000       0xb0 ..\obj\stm32f4xx_tim.o
 .text.TIM_SetCompare1
                0x00000000       0x1c ..\obj\stm32f4xx_tim.o
 .text.TIM_SetCompare2
                0x00000000       0x1c ..\obj\stm32f4xx_tim.o
 .text.TIM_SetCompare3
                0x00000000       0x1c ..\obj\stm32f4xx_tim.o
 .text.TIM_SetCompare4
                0x00000000       0x1c ..\obj\stm32f4xx_tim.o
 .text.TIM_ForcedOC1Config
                0x00000000       0x38 ..\obj\stm32f4xx_tim.o
 .text.TIM_ForcedOC2Config
                0x00000000       0x3c ..\obj\stm32f4xx_tim.o
 .text.TIM_ForcedOC3Config
                0x00000000       0x38 ..\obj\stm32f4xx_tim.o
 .text.TIM_ForcedOC4Config
                0x00000000       0x3c ..\obj\stm32f4xx_tim.o
 .text.TIM_OC3PreloadConfig
                0x00000000       0x38 ..\obj\stm32f4xx_tim.o
 .text.TIM_OC4PreloadConfig
                0x00000000       0x3c ..\obj\stm32f4xx_tim.o
 .text.TIM_OC1FastConfig
                0x00000000       0x38 ..\obj\stm32f4xx_tim.o
 .text.TIM_OC2FastConfig
                0x00000000       0x3c ..\obj\stm32f4xx_tim.o
 .text.TIM_OC3FastConfig
                0x00000000       0x38 ..\obj\stm32f4xx_tim.o
 .text.TIM_OC4FastConfig
                0x00000000       0x3c ..\obj\stm32f4xx_tim.o
 .text.TIM_ClearOC1Ref
                0x00000000       0x38 ..\obj\stm32f4xx_tim.o
 .text.TIM_ClearOC2Ref
                0x00000000       0x3c ..\obj\stm32f4xx_tim.o
 .text.TIM_ClearOC3Ref
                0x00000000       0x38 ..\obj\stm32f4xx_tim.o
 .text.TIM_ClearOC4Ref
                0x00000000       0x3c ..\obj\stm32f4xx_tim.o
 .text.TIM_OC1PolarityConfig
                0x00000000       0x38 ..\obj\stm32f4xx_tim.o
 .text.TIM_OC1NPolarityConfig
                0x00000000       0x38 ..\obj\stm32f4xx_tim.o
 .text.TIM_OC2PolarityConfig
                0x00000000       0x3c ..\obj\stm32f4xx_tim.o
 .text.TIM_OC2NPolarityConfig
                0x00000000       0x3c ..\obj\stm32f4xx_tim.o
 .text.TIM_OC3PolarityConfig
                0x00000000       0x3c ..\obj\stm32f4xx_tim.o
 .text.TIM_OC3NPolarityConfig
                0x00000000       0x3c ..\obj\stm32f4xx_tim.o
 .text.TIM_OC4PolarityConfig
                0x00000000       0x3c ..\obj\stm32f4xx_tim.o
 .text.TIM_CCxCmd
                0x00000000       0x54 ..\obj\stm32f4xx_tim.o
 .text.TIM_CCxNCmd
                0x00000000       0x54 ..\obj\stm32f4xx_tim.o
 .text.TIM_ICInit
                0x00000000       0xa8 ..\obj\stm32f4xx_tim.o
 .text.TIM_ICStructInit
                0x00000000       0x30 ..\obj\stm32f4xx_tim.o
 .text.TIM_PWMIConfig
                0x00000000       0xb8 ..\obj\stm32f4xx_tim.o
 .text.TIM_GetCapture1
                0x00000000       0x18 ..\obj\stm32f4xx_tim.o
 .text.TIM_GetCapture2
                0x00000000       0x18 ..\obj\stm32f4xx_tim.o
 .text.TIM_GetCapture3
                0x00000000       0x18 ..\obj\stm32f4xx_tim.o
 .text.TIM_GetCapture4
                0x00000000       0x18 ..\obj\stm32f4xx_tim.o
 .text.TIM_SetIC1Prescaler
                0x00000000       0x38 ..\obj\stm32f4xx_tim.o
 .text.TIM_SetIC2Prescaler
                0x00000000       0x3c ..\obj\stm32f4xx_tim.o
 .text.TIM_SetIC3Prescaler
                0x00000000       0x38 ..\obj\stm32f4xx_tim.o
 .text.TIM_SetIC4Prescaler
                0x00000000       0x3c ..\obj\stm32f4xx_tim.o
 .text.TIM_BDTRConfig
                0x00000000       0x50 ..\obj\stm32f4xx_tim.o
 .text.TIM_BDTRStructInit
                0x00000000       0x3c ..\obj\stm32f4xx_tim.o
 .text.TIM_CtrlPWMOutputs
                0x00000000       0x4c ..\obj\stm32f4xx_tim.o
 .text.TIM_SelectCOM
                0x00000000       0x40 ..\obj\stm32f4xx_tim.o
 .text.TIM_CCPreloadControl
                0x00000000       0x40 ..\obj\stm32f4xx_tim.o
 .text.TIM_GenerateEvent
                0x00000000       0x1c ..\obj\stm32f4xx_tim.o
 .text.TIM_GetFlagStatus
                0x00000000       0x38 ..\obj\stm32f4xx_tim.o
 .text.TIM_ClearFlag
                0x00000000       0x20 ..\obj\stm32f4xx_tim.o
 .text.TIM_DMAConfig
                0x00000000       0x28 ..\obj\stm32f4xx_tim.o
 .text.TIM_DMACmd
                0x00000000       0x48 ..\obj\stm32f4xx_tim.o
 .text.TIM_SelectCCDMA
                0x00000000       0x40 ..\obj\stm32f4xx_tim.o
 .text.TIM_InternalClockConfig
                0x00000000       0x24 ..\obj\stm32f4xx_tim.o
 .text.TIM_ITRxExternalClockConfig
                0x00000000       0x2c ..\obj\stm32f4xx_tim.o
 .text.TIM_TIxExternalClockConfig
                0x00000000       0x60 ..\obj\stm32f4xx_tim.o
 .text.TIM_ETRClockMode1Config
                0x00000000       0x5c ..\obj\stm32f4xx_tim.o
 .text.TIM_ETRClockMode2Config
                0x00000000       0x3c ..\obj\stm32f4xx_tim.o
 .text.TIM_SelectInputTrigger
                0x00000000       0x38 ..\obj\stm32f4xx_tim.o
 .text.TIM_SelectOutputTrigger
                0x00000000       0x38 ..\obj\stm32f4xx_tim.o
 .text.TIM_SelectSlaveMode
                0x00000000       0x38 ..\obj\stm32f4xx_tim.o
 .text.TIM_SelectMasterSlaveMode
                0x00000000       0x38 ..\obj\stm32f4xx_tim.o
 .text.TIM_ETRConfig
                0x00000000       0x54 ..\obj\stm32f4xx_tim.o
 .text.TIM_EncoderInterfaceConfig
                0x00000000       0x98 ..\obj\stm32f4xx_tim.o
 .text.TIM_SelectHallSensor
                0x00000000       0x40 ..\obj\stm32f4xx_tim.o
 .text.TIM_RemapConfig
                0x00000000       0x20 ..\obj\stm32f4xx_tim.o
 .text.TI1_Config
                0x00000000       0x84 ..\obj\stm32f4xx_tim.o
 .text.TI2_Config
                0x00000000       0x98 ..\obj\stm32f4xx_tim.o
 .text.TI3_Config
                0x00000000       0x90 ..\obj\stm32f4xx_tim.o
 .text.TI4_Config
                0x00000000       0x9c ..\obj\stm32f4xx_tim.o
 .data          0x00000000        0x0 f:/bin/ggctoolchain/bin/../lib/gcc/arm-none-eabi/4.9.3/armv7e-m\libgcc.a(_arm_addsubdf3.o)
 .bss           0x00000000        0x0 f:/bin/ggctoolchain/bin/../lib/gcc/arm-none-eabi/4.9.3/armv7e-m\libgcc.a(_arm_addsubdf3.o)
 .data          0x00000000        0x0 f:/bin/ggctoolchain/bin/../lib/gcc/arm-none-eabi/4.9.3/armv7e-m\libgcc.a(_arm_muldivdf3.o)
 .bss           0x00000000        0x0 f:/bin/ggctoolchain/bin/../lib/gcc/arm-none-eabi/4.9.3/armv7e-m\libgcc.a(_arm_muldivdf3.o)
 .data          0x00000000        0x0 f:/bin/ggctoolchain/bin/../lib/gcc/arm-none-eabi/4.9.3/armv7e-m\libgcc.a(_arm_truncdfsf2.o)
 .bss           0x00000000        0x0 f:/bin/ggctoolchain/bin/../lib/gcc/arm-none-eabi/4.9.3/armv7e-m\libgcc.a(_arm_truncdfsf2.o)
 .data          0x00000000        0x0 f:/bin/ggctoolchain/bin/../lib/gcc/arm-none-eabi/4.9.3/armv7e-m\libgcc.a(_arm_addsubsf3.o)
 .bss           0x00000000        0x0 f:/bin/ggctoolchain/bin/../lib/gcc/arm-none-eabi/4.9.3/armv7e-m\libgcc.a(_arm_addsubsf3.o)
 .data          0x00000000        0x0 f:/bin/ggctoolchain/bin/../lib/gcc/arm-none-eabi/4.9.3/armv7e-m\libgcc.a(_arm_muldivsf3.o)
 .bss           0x00000000        0x0 f:/bin/ggctoolchain/bin/../lib/gcc/arm-none-eabi/4.9.3/armv7e-m\libgcc.a(_arm_muldivsf3.o)
 .data          0x00000000        0x0 f:/bin/ggctoolchain/bin/../lib/gcc/arm-none-eabi/4.9.3/armv7e-m\libgcc.a(_arm_cmpsf2.o)
 .bss           0x00000000        0x0 f:/bin/ggctoolchain/bin/../lib/gcc/arm-none-eabi/4.9.3/armv7e-m\libgcc.a(_arm_cmpsf2.o)
 .data          0x00000000        0x0 f:/bin/ggctoolchain/bin/../lib/gcc/arm-none-eabi/4.9.3/armv7e-m\libgcc.a(_arm_fixunssfsi.o)
 .bss           0x00000000        0x0 f:/bin/ggctoolchain/bin/../lib/gcc/arm-none-eabi/4.9.3/armv7e-m\libgcc.a(_arm_fixunssfsi.o)
 .text          0x00000000        0x0 f:/bin/ggctoolchain/bin/../lib/gcc/arm-none-eabi/4.9.3/../../../../arm-none-eabi/lib/armv7e-m\libg.a(lib_a-atoi.o)
 .data          0x00000000        0x0 f:/bin/ggctoolchain/bin/../lib/gcc/arm-none-eabi/4.9.3/../../../../arm-none-eabi/lib/armv7e-m\libg.a(lib_a-atoi.o)
 .bss           0x00000000        0x0 f:/bin/ggctoolchain/bin/../lib/gcc/arm-none-eabi/4.9.3/../../../../arm-none-eabi/lib/armv7e-m\libg.a(lib_a-atoi.o)
 .text._atoi_r  0x00000000        0x8 f:/bin/ggctoolchain/bin/../lib/gcc/arm-none-eabi/4.9.3/../../../../arm-none-eabi/lib/armv7e-m\libg.a(lib_a-atoi.o)
 .text          0x00000000        0x0 f:/bin/ggctoolchain/bin/../lib/gcc/arm-none-eabi/4.9.3/../../../../arm-none-eabi/lib/armv7e-m\libg.a(lib_a-strtol.o)
 .data          0x00000000        0x0 f:/bin/ggctoolchain/bin/../lib/gcc/arm-none-eabi/4.9.3/../../../../arm-none-eabi/lib/armv7e-m\libg.a(lib_a-strtol.o)
 .bss           0x00000000        0x0 f:/bin/ggctoolchain/bin/../lib/gcc/arm-none-eabi/4.9.3/../../../../arm-none-eabi/lib/armv7e-m\libg.a(lib_a-strtol.o)
 .text          0x00000000        0x0 f:/bin/ggctoolchain/bin/../lib/gcc/arm-none-eabi/4.9.3/../../../../arm-none-eabi/lib/armv7e-m\libg.a(lib_a-ctype_.o)
 .data          0x00000000        0x0 f:/bin/ggctoolchain/bin/../lib/gcc/arm-none-eabi/4.9.3/../../../../arm-none-eabi/lib/armv7e-m\libg.a(lib_a-ctype_.o)
 .bss           0x00000000        0x0 f:/bin/ggctoolchain/bin/../lib/gcc/arm-none-eabi/4.9.3/../../../../arm-none-eabi/lib/armv7e-m\libg.a(lib_a-ctype_.o)
 .text          0x00000000        0x0 f:/bin/ggctoolchain/bin/../lib/gcc/arm-none-eabi/4.9.3/../../../../arm-none-eabi/lib/armv7e-m\libg.a(lib_a-impure.o)
 .data          0x00000000        0x0 f:/bin/ggctoolchain/bin/../lib/gcc/arm-none-eabi/4.9.3/../../../../arm-none-eabi/lib/armv7e-m\libg.a(lib_a-impure.o)
 .bss           0x00000000        0x0 f:/bin/ggctoolchain/bin/../lib/gcc/arm-none-eabi/4.9.3/../../../../arm-none-eabi/lib/armv7e-m\libg.a(lib_a-impure.o)
 .rodata._global_impure_ptr
                0x00000000        0x4 f:/bin/ggctoolchain/bin/../lib/gcc/arm-none-eabi/4.9.3/../../../../arm-none-eabi/lib/armv7e-m\libg.a(lib_a-impure.o)

Memory Configuration

Name             Origin             Length             Attributes
rom              0x08000000         0x00100000         xr
ram              0x20000000         0x00020000         xrw
ram1             0x10000000         0x00010000         xrw
*default*        0x00000000         0xffffffff

Linker script and memory map

                0x20020000                _eram = 0x20020000

.text           0x08000000     0x26e4
 *(.isr_vector)
 .isr_vector    0x08000000      0x188 ..\obj\startup_stm32f4xx.o
                0x08000000                g_pfnVectors
 *(.text*)
 .text.USART_Init
                0x08000188      0x178 ..\obj\stm32f4xx_usart.o
                0x08000188                USART_Init
 .text.USART_Cmd
                0x08000300       0x40 ..\obj\stm32f4xx_usart.o
                0x08000300                USART_Cmd
 .text.USART_ReceiveData
                0x08000340       0x20 ..\obj\stm32f4xx_usart.o
                0x08000340                USART_ReceiveData
 .text.USART_ITConfig
                0x08000360       0x90 ..\obj\stm32f4xx_usart.o
                0x08000360                USART_ITConfig
 .text.USART_GetFlagStatus
                0x080003f0       0x38 ..\obj\stm32f4xx_usart.o
                0x080003f0                USART_GetFlagStatus
 .text.USART_GetITStatus
                0x08000428       0xb8 ..\obj\stm32f4xx_usart.o
                0x08000428                USART_GetITStatus
 .text.USART_ClearITPendingBit
                0x080004e0       0x38 ..\obj\stm32f4xx_usart.o
                0x080004e0                USART_ClearITPendingBit
 .text.Default_Reset_Handler
                0x08000518       0x58 ..\obj\startup_stm32f4xx.o
                0x08000518                Default_Reset_Handler
                0x08000518                Reset_Handler
 .text.Default_Handler
                0x08000570        0x8 ..\obj\startup_stm32f4xx.o
                0x08000570                RTC_Alarm_IRQHandler
                0x08000570                HASH_RNG_IRQHandler
                0x08000570                EXTI2_IRQHandler
                0x08000570                TIM8_CC_IRQHandler
                0x08000570                DebugMon_Handler
                0x08000570                TIM1_CC_IRQHandler
                0x08000570                DMA2_Stream5_IRQHandler
                0x08000570                HardFault_Handler
                0x08000570                DMA1_Stream5_IRQHandler
                0x08000570                SysTick_Handler
                0x08000570                PVD_IRQHandler
                0x08000570                SDIO_IRQHandler
                0x08000570                TAMP_STAMP_IRQHandler
                0x08000570                PendSV_Handler
                0x08000570                NMI_Handler
                0x08000570                CAN2_RX1_IRQHandler
                0x08000570                EXTI3_IRQHandler
                0x08000570                TIM8_TRG_COM_TIM14_IRQHandler
                0x08000570                TIM1_UP_TIM10_IRQHandler
                0x08000570                TIM8_UP_TIM13_IRQHandler
                0x08000570                I2C3_ER_IRQHandler
                0x08000570                EXTI0_IRQHandler
                0x08000570                I2C2_EV_IRQHandler
                0x08000570                DMA1_Stream2_IRQHandler
                0x08000570                CAN1_RX0_IRQHandler
                0x08000570                FPU_IRQHandler
                0x08000570                OTG_HS_WKUP_IRQHandler
                0x08000570                UsageFault_Handler
                0x08000570                CAN2_SCE_IRQHandler
                0x08000570                DMA2_Stream2_IRQHandler
                0x08000570                SPI1_IRQHandler
                0x08000570                TIM6_DAC_IRQHandler
                0x08000570                TIM1_BRK_TIM9_IRQHandler
                0x08000570                DCMI_IRQHandler
                0x08000570                CAN2_RX0_IRQHandler
                0x08000570                DMA2_Stream3_IRQHandler
                0x08000570                USART6_IRQHandler
                0x08000570                CRYP_IRQHandler
                0x08000570                CAN1_RX1_IRQHandler
                0x08000570                UART5_IRQHandler
                0x08000570                DMA2_Stream0_IRQHandler
                0x08000570                I2C1_EV_IRQHandler
                0x08000570                DMA1_Stream6_IRQHandler
                0x08000570                DMA1_Stream1_IRQHandler
                0x08000570                UART4_IRQHandler
                0x08000570                TIM3_IRQHandler
                0x08000570                RCC_IRQHandler
                0x08000570                TIM8_BRK_TIM12_IRQHandler
                0x08000570                EXTI15_10_IRQHandler
                0x08000570                ADC_IRQHandler
                0x08000570                DMA1_Stream7_IRQHandler
                0x08000570                TIM7_IRQHandler
                0x08000570                CAN2_TX_IRQHandler
                0x08000570                TIM5_IRQHandler
                0x08000570                DMA2_Stream7_IRQHandler
                0x08000570                I2C3_EV_IRQHandler
                0x08000570                EXTI9_5_IRQHandler
                0x08000570                RTC_WKUP_IRQHandler
                0x08000570                ETH_WKUP_IRQHandler
                0x08000570                SPI2_IRQHandler
                0x08000570                OTG_HS_EP1_IN_IRQHandler
                0x08000570                MemManage_Handler
                0x08000570                DMA1_Stream0_IRQHandler
                0x08000570                CAN1_TX_IRQHandler
                0x08000570                SVC_Handler
                0x08000570                EXTI4_IRQHandler
                0x08000570                FSMC_IRQHandler
                0x08000570                ETH_IRQHandler
                0x08000570                OTG_HS_EP1_OUT_IRQHandler
                0x08000570                WWDG_IRQHandler
                0x08000570                TIM2_IRQHandler
                0x08000570                OTG_FS_WKUP_IRQHandler
                0x08000570                TIM1_TRG_COM_TIM11_IRQHandler
                0x08000570                OTG_HS_IRQHandler
                0x08000570                EXTI1_IRQHandler
                0x08000570                USART2_IRQHandler
                0x08000570                I2C2_ER_IRQHandler
                0x08000570                DMA2_Stream1_IRQHandler
                0x08000570                CAN1_SCE_IRQHandler
                0x08000570                FLASH_IRQHandler
                0x08000570                DMA2_Stream4_IRQHandler
                0x08000570                BusFault_Handler
                0x08000570                USART1_IRQHandler
                0x08000570                OTG_FS_IRQHandler
                0x08000570                SPI3_IRQHandler
                0x08000570                DMA1_Stream4_IRQHandler
                0x08000570                I2C1_ER_IRQHandler
                0x08000570                DMA2_Stream6_IRQHandler
                0x08000570                DMA1_Stream3_IRQHandler
 .text.NVIC_EnableIRQ
                0x08000578       0x30 ..\obj\main.o
 .text.abs2     0x080005a8       0x2c ..\obj\main.o
                0x080005a8                abs2
 .text.func     0x080005d4       0x3c ..\obj\main.o
                0x080005d4                func
 .text.AhmedSteruj
                0x08000610      0x1bc ..\obj\main.o
                0x08000610                AhmedSteruj
 .text.USART3_IRQHandler
                0x080007cc      0x118 ..\obj\main.o
                0x080007cc                USART3_IRQHandler
 .text.TIM4_IRQHandler
                0x080008e4       0x74 ..\obj\main.o
                0x080008e4                TIM4_IRQHandler
 .text.main     0x08000958      0x230 ..\obj\main.o
                0x08000958                main
 .text.RCC_GetClocksFreq
                0x08000b88      0x154 ..\obj\stm32f4xx_rcc.o
                0x08000b88                RCC_GetClocksFreq
 .text.RCC_AHB1PeriphClockCmd
                0x08000cdc       0x3c ..\obj\stm32f4xx_rcc.o
                0x08000cdc                RCC_AHB1PeriphClockCmd
 .text.RCC_APB1PeriphClockCmd
                0x08000d18       0x3c ..\obj\stm32f4xx_rcc.o
                0x08000d18                RCC_APB1PeriphClockCmd
 .text.GPIO_Init
                0x08000d54      0x11c ..\obj\stm32f4xx_gpio.o
                0x08000d54                GPIO_Init
 .text.GPIO_SetBits
                0x08000e70       0x1c ..\obj\stm32f4xx_gpio.o
                0x08000e70                GPIO_SetBits
 .text.GPIO_ResetBits
                0x08000e8c       0x1c ..\obj\stm32f4xx_gpio.o
                0x08000e8c                GPIO_ResetBits
 .text.GPIO_PinAFConfig
                0x08000ea8       0x90 ..\obj\stm32f4xx_gpio.o
                0x08000ea8                GPIO_PinAFConfig
 .text.SystemInit
                0x08000f38       0x58 ..\obj\system_stm32f4xx.o
                0x08000f38                SystemInit
 .text.SystemCoreClockUpdate
                0x08000f90       0xf8 ..\obj\system_stm32f4xx.o
                0x08000f90                SystemCoreClockUpdate
 .text.SetSysClock
                0x08001088       0xf4 ..\obj\system_stm32f4xx.o
 .text.NVIC_Init
                0x0800117c       0xc0 ..\obj\misc.o
                0x0800117c                NVIC_Init
 .text.TIM_TimeBaseInit
                0x0800123c       0xd4 ..\obj\stm32f4xx_tim.o
                0x0800123c                TIM_TimeBaseInit
 .text.TIM_Cmd  0x08001310       0x40 ..\obj\stm32f4xx_tim.o
                0x08001310                TIM_Cmd
 .text.TIM_OC1Init
                0x08001350       0xf4 ..\obj\stm32f4xx_tim.o
                0x08001350                TIM_OC1Init
 .text.TIM_OC2Init
                0x08001444      0x110 ..\obj\stm32f4xx_tim.o
                0x08001444                TIM_OC2Init
 .text.TIM_OC1PreloadConfig
                0x08001554       0x38 ..\obj\stm32f4xx_tim.o
                0x08001554                TIM_OC1PreloadConfig
 .text.TIM_OC2PreloadConfig
                0x0800158c       0x3c ..\obj\stm32f4xx_tim.o
                0x0800158c                TIM_OC2PreloadConfig
 .text.TIM_ITConfig
                0x080015c8       0x48 ..\obj\stm32f4xx_tim.o
                0x080015c8                TIM_ITConfig
 .text.TIM_GetITStatus
                0x08001610       0x54 ..\obj\stm32f4xx_tim.o
                0x08001610                TIM_GetITStatus
 .text.TIM_ClearITPendingBit
                0x08001664       0x20 ..\obj\stm32f4xx_tim.o
                0x08001664                TIM_ClearITPendingBit
 .text          0x08001684      0x370 f:/bin/ggctoolchain/bin/../lib/gcc/arm-none-eabi/4.9.3/armv7e-m\libgcc.a(_arm_addsubdf3.o)
                0x08001684                __aeabi_drsub
                0x0800168c                __aeabi_dsub
                0x0800168c                __subdf3
                0x08001690                __aeabi_dadd
                0x08001690                __adddf3
                0x08001908                __floatunsidf
                0x08001908                __aeabi_ui2d
                0x08001928                __floatsidf
                0x08001928                __aeabi_i2d
                0x0800194c                __aeabi_f2d
                0x0800194c                __extendsfdf2
                0x08001988                __floatundidf
                0x08001988                __aeabi_ul2d
                0x08001998                __floatdidf
                0x08001998                __aeabi_l2d
 .text          0x080019f4      0x424 f:/bin/ggctoolchain/bin/../lib/gcc/arm-none-eabi/4.9.3/armv7e-m\libgcc.a(_arm_muldivdf3.o)
                0x080019f4                __aeabi_dmul
                0x080019f4                __muldf3
                0x08001c48                __divdf3
                0x08001c48                __aeabi_ddiv
 .text          0x08001e18       0xa0 f:/bin/ggctoolchain/bin/../lib/gcc/arm-none-eabi/4.9.3/armv7e-m\libgcc.a(_arm_truncdfsf2.o)
                0x08001e18                __truncdfsf2
                0x08001e18                __aeabi_d2f
 .text          0x08001eb8      0x21c f:/bin/ggctoolchain/bin/../lib/gcc/arm-none-eabi/4.9.3/armv7e-m\libgcc.a(_arm_addsubsf3.o)
                0x08001eb8                __aeabi_frsub
                0x08001ec0                __subsf3
                0x08001ec0                __aeabi_fsub
                0x08001ec4                __aeabi_fadd
                0x08001ec4                __addsf3
                0x08002024                __aeabi_ui2f
                0x08002024                __floatunsisf
                0x0800202c                __aeabi_i2f
                0x0800202c                __floatsisf
                0x08002048                __aeabi_ul2f
                0x08002048                __floatundisf
                0x08002058                __aeabi_l2f
                0x08002058                __floatdisf
 .text          0x080020d4      0x2a0 f:/bin/ggctoolchain/bin/../lib/gcc/arm-none-eabi/4.9.3/armv7e-m\libgcc.a(_arm_muldivsf3.o)
                0x080020d4                __mulsf3
                0x080020d4                __aeabi_fmul
                0x0800223c                __aeabi_fdiv
                0x0800223c                __divsf3
 .text          0x08002374       0xec f:/bin/ggctoolchain/bin/../lib/gcc/arm-none-eabi/4.9.3/armv7e-m\libgcc.a(_arm_cmpsf2.o)
                0x08002374                __gesf2
                0x08002374                __gtsf2
                0x0800237c                __lesf2
                0x0800237c                __ltsf2
                0x08002384                __nesf2
                0x08002384                __eqsf2
                0x08002384                __cmpsf2
                0x080023e4                __aeabi_cfrcmple
                0x080023ec                __aeabi_cfcmpeq
                0x080023ec                __aeabi_cfcmple
                0x080023fc                __aeabi_fcmpeq
                0x08002410                __aeabi_fcmplt
                0x08002424                __aeabi_fcmple
                0x08002438                __aeabi_fcmpge
                0x0800244c                __aeabi_fcmpgt
 .text          0x08002460       0x40 f:/bin/ggctoolchain/bin/../lib/gcc/arm-none-eabi/4.9.3/armv7e-m\libgcc.a(_arm_fixunssfsi.o)
                0x08002460                __fixunssfsi
                0x08002460                __aeabi_f2uiz
 .text.atoi     0x080024a0        0x8 f:/bin/ggctoolchain/bin/../lib/gcc/arm-none-eabi/4.9.3/../../../../arm-none-eabi/lib/armv7e-m\libg.a(lib_a-atoi.o)
                0x080024a0                atoi
 .text._strtol_r
                0x080024a8      0x11c f:/bin/ggctoolchain/bin/../lib/gcc/arm-none-eabi/4.9.3/../../../../arm-none-eabi/lib/armv7e-m\libg.a(lib_a-strtol.o)
                0x080024a8                _strtol_r
 .text.strtol   0x080025c4       0x18 f:/bin/ggctoolchain/bin/../lib/gcc/arm-none-eabi/4.9.3/../../../../arm-none-eabi/lib/armv7e-m\libg.a(lib_a-strtol.o)
                0x080025c4                strtol
 *(.init)
 *(.fini)
 *crtbegin.o(.ctors)
 *crtbegin?.o(.ctors)
 *(EXCLUDE_FILE(*crtend.o *crtend?.o) .ctors)
 *(SORT(.ctors.*))
 *(.ctors)
 *crtbegin.o(.dtors)
 *crtbegin?.o(.dtors)
 *(EXCLUDE_FILE(*crtend.o *crtend?.o) .dtors)
 *(SORT(.dtors.*))
 *(.dtors)
 *(.rodata*)
 .rodata._ctype_
                0x080025dc      0x104 f:/bin/ggctoolchain/bin/../lib/gcc/arm-none-eabi/4.9.3/../../../../arm-none-eabi/lib/armv7e-m\libg.a(lib_a-ctype_.o)
                0x080025dc                _ctype_
 .rodata.str1.4
                0x080026e0        0x4 f:/bin/ggctoolchain/bin/../lib/gcc/arm-none-eabi/4.9.3/../../../../arm-none-eabi/lib/armv7e-m\libg.a(lib_a-impure.o)
 *(.eh_fram e*)

.glue_7         0x080026e4        0x0
 .glue_7        0x00000000        0x0 linker stubs

.glue_7t        0x080026e4        0x0
 .glue_7t       0x00000000        0x0 linker stubs

.vfp11_veneer   0x080026e4        0x0
 .vfp11_veneer  0x00000000        0x0 linker stubs

.v4_bx          0x080026e4        0x0
 .v4_bx         0x00000000        0x0 linker stubs

.iplt           0x080026e4        0x0
 .iplt          0x00000000        0x0 ..\obj\stm32f4xx_usart.o

.rel.dyn        0x080026e4        0x0
 .rel.iplt      0x00000000        0x0 ..\obj\stm32f4xx_usart.o

.ARM.extab
 *(.ARM.extab* .gnu.linkonce.armextab.*)
                0x080026e4                __exidx_start = .

.ARM.exidx
 *(.ARM.exidx* .gnu.linkonce.armexidx.*)
                0x080026e4                __exidx_end = .
                0x080026e4                __etext = .
                0x080026e4                _sidata = __etext

.data           0x20000000      0x45c load address 0x080026e4
                0x20000000                __data_start__ = .
                0x20000000                _sdata = __data_start__
 *(vtable)
 *(.data*)
 .data          0x20000000        0x4 ..\obj\main.o
                0x20000000                stop
 .data          0x20000004       0x10 ..\obj\stm32f4xx_rcc.o
 .data          0x20000014       0x14 ..\obj\system_stm32f4xx.o
                0x20000014                SystemCoreClock
                0x20000018                AHBPrescTable
 .data.__ctype_ptr__
                0x20000028        0x4 f:/bin/ggctoolchain/bin/../lib/gcc/arm-none-eabi/4.9.3/../../../../arm-none-eabi/lib/armv7e-m\libg.a(lib_a-ctype_.o)
                0x20000028                __ctype_ptr__
 *fill*         0x2000002c        0x4 
 .data.impure_data
                0x20000030      0x428 f:/bin/ggctoolchain/bin/../lib/gcc/arm-none-eabi/4.9.3/../../../../arm-none-eabi/lib/armv7e-m\libg.a(lib_a-impure.o)
 .data._impure_ptr
                0x20000458        0x4 f:/bin/ggctoolchain/bin/../lib/gcc/arm-none-eabi/4.9.3/../../../../arm-none-eabi/lib/armv7e-m\libg.a(lib_a-impure.o)
                0x20000458                _impure_ptr
                0x2000045c                . = ALIGN (0x4)
                0x2000045c                PROVIDE (__preinit_array_start, .)
 *(.preinit_array)
                0x2000045c                PROVIDE (__preinit_array_end, .)
                0x2000045c                . = ALIGN (0x4)
                0x2000045c                PROVIDE (__init_array_start, .)
 *(SORT(.init_array.*))
 *(.init_array)
                0x2000045c                PROVIDE (__init_array_end, .)
                0x2000045c                . = ALIGN (0x4)
                0x2000045c                PROVIDE (__fini_array_start, .)
 *(SORT(.fini_array.*))
 *(.fini_array)
                0x2000045c                PROVIDE (__fini_array_end, .)
 *(.jcr*)
                0x2000045c                . = ALIGN (0x4)
                0x2000045c                __data_end__ = .
                0x2000045c                _edata = __data_end__

.igot.plt       0x2000045c        0x0 load address 0x08002b40
 .igot.plt      0x00000000        0x0 ..\obj\stm32f4xx_usart.o

.bss            0x2000045c       0x24 load address 0x08002b40
                0x2000045c                . = ALIGN (0x4)
                0x2000045c                __bss_start__ = .
                0x2000045c                _sbss = __bss_start__
 *(.bss*)
 .bss           0x2000045c        0xc ..\obj\main.o
                0x2000045c                lewy
                0x20000460                prawy
                0x20000464                count
 *(COMMON)
 COMMON         0x20000468       0x18 ..\obj\main.o
                0x20000468                kierunek
                0x2000046c                timl
                0x20000470                ciag
                0x20000474                bufor
                0x2000047c                timp
                0x20000480                . = ALIGN (0x4)
                0x20000480                __bss_end__ = .
                0x20000480                _ebss = __bss_end__

.heap           0x20000480        0x0
                0x20000480                __end__ = .
                0x20000480                _end = __end__
                0x20000480                end = __end__
 *(.heap*)
                0x20000480                __HeapLimit = .

.co_stack       0x20000480      0x800 load address 0x08002b64
                0x20000480                . = ALIGN (0x8)
 *(.co_stack .co_stack.*)
 .co_stack      0x20000480      0x800 ..\obj\startup_stm32f4xx.o
                0x20000480                pulStack
                0x20020000                __StackTop = (ORIGIN (ram) + 0x20000)
                0x2001f800                __StackLimit = (__StackTop - SIZEOF (.co_stack))
                0x20020000                PROVIDE (__stack, __StackTop)
                0x00000001                ASSERT ((__StackLimit >= __HeapLimit), region ram  overflowed with stack)
LOAD ..\obj\stm32f4xx_usart.o
LOAD ..\obj\startup_stm32f4xx.o
LOAD ..\obj\main.o
LOAD ..\obj\stm32f4xx_rcc.o
LOAD ..\obj\stm32f4xx_gpio.o
LOAD ..\obj\system_stm32f4xx.o
LOAD ..\obj\misc.o
LOAD ..\obj\stm32f4xx_tim.o
START GROUP
LOAD f:/bin/ggctoolchain/bin/../lib/gcc/arm-none-eabi/4.9.3/armv7e-m\libgcc.a
LOAD f:/bin/ggctoolchain/bin/../lib/gcc/arm-none-eabi/4.9.3/../../../../arm-none-eabi/lib/armv7e-m\libg.a
LOAD f:/bin/ggctoolchain/bin/../lib/gcc/arm-none-eabi/4.9.3/../../../../arm-none-eabi/lib/armv7e-m\libc.a
END GROUP
OUTPUT(robol.elf elf32-littlearm)

.debug_info     0x00000000     0x50b4
 .debug_info    0x00000000      0x9c2 ..\obj\stm32f4xx_usart.o
 .debug_info    0x000009c2       0xed ..\obj\startup_stm32f4xx.o
 .debug_info    0x00000aaf      0xc86 ..\obj\main.o
 .debug_info    0x00001735      0xc4d ..\obj\stm32f4xx_rcc.o
 .debug_info    0x00002382      0x602 ..\obj\stm32f4xx_gpio.o
 .debug_info    0x00002984      0x592 ..\obj\system_stm32f4xx.o
 .debug_info    0x00002f16      0x53d ..\obj\misc.o
 .debug_info    0x00003453     0x1c61 ..\obj\stm32f4xx_tim.o

.debug_abbrev   0x00000000      0xb6b
 .debug_abbrev  0x00000000      0x155 ..\obj\stm32f4xx_usart.o
 .debug_abbrev  0x00000155       0xb0 ..\obj\startup_stm32f4xx.o
 .debug_abbrev  0x00000205      0x1de ..\obj\main.o
 .debug_abbrev  0x000003e3      0x1e3 ..\obj\stm32f4xx_rcc.o
 .debug_abbrev  0x000005c6      0x1a3 ..\obj\stm32f4xx_gpio.o
 .debug_abbrev  0x00000769      0x136 ..\obj\system_stm32f4xx.o
 .debug_abbrev  0x0000089f      0x145 ..\obj\misc.o
 .debug_abbrev  0x000009e4      0x187 ..\obj\stm32f4xx_tim.o

.debug_aranges  0x00000000      0x6e0
 .debug_aranges
                0x00000000      0x100 ..\obj\stm32f4xx_usart.o
 .debug_aranges
                0x00000100       0x28 ..\obj\startup_stm32f4xx.o
 .debug_aranges
                0x00000128       0x50 ..\obj\main.o
 .debug_aranges
                0x00000178      0x178 ..\obj\stm32f4xx_rcc.o
 .debug_aranges
                0x000002f0       0x88 ..\obj\stm32f4xx_gpio.o
 .debug_aranges
                0x00000378       0x30 ..\obj\system_stm32f4xx.o
 .debug_aranges
                0x000003a8       0x40 ..\obj\misc.o
 .debug_aranges
                0x000003e8      0x2f8 ..\obj\stm32f4xx_tim.o

.debug_ranges   0x00000000      0x660
 .debug_ranges  0x00000000       0xf0 ..\obj\stm32f4xx_usart.o
 .debug_ranges  0x000000f0       0x18 ..\obj\startup_stm32f4xx.o
 .debug_ranges  0x00000108       0x40 ..\obj\main.o
 .debug_ranges  0x00000148      0x168 ..\obj\stm32f4xx_rcc.o
 .debug_ranges  0x000002b0       0x78 ..\obj\stm32f4xx_gpio.o
 .debug_ranges  0x00000328       0x20 ..\obj\system_stm32f4xx.o
 .debug_ranges  0x00000348       0x30 ..\obj\misc.o
 .debug_ranges  0x00000378      0x2e8 ..\obj\stm32f4xx_tim.o

.debug_line     0x00000000     0x1d2f
 .debug_line    0x00000000      0x43f ..\obj\stm32f4xx_usart.o
 .debug_line    0x0000043f       0x97 ..\obj\startup_stm32f4xx.o
 .debug_line    0x000004d6      0x2b3 ..\obj\main.o
 .debug_line    0x00000789      0x53e ..\obj\stm32f4xx_rcc.o
 .debug_line    0x00000cc7      0x2e0 ..\obj\stm32f4xx_gpio.o
 .debug_line    0x00000fa7      0x19f ..\obj\system_stm32f4xx.o
 .debug_line    0x00001146      0x1e2 ..\obj\misc.o
 .debug_line    0x00001328      0xa07 ..\obj\stm32f4xx_tim.o

.debug_str      0x00000000     0x2419
 .debug_str     0x00000000      0x60a ..\obj\stm32f4xx_usart.o
                                0x685 (size before relaxing)
 .debug_str     0x0000060a       0xa6 ..\obj\startup_stm32f4xx.o
                                0x13d (size before relaxing)
 .debug_str     0x000006b0      0x9cf ..\obj\main.o
                                0xc2c (size before relaxing)
 .debug_str     0x0000107f      0x5d9 ..\obj\stm32f4xx_rcc.o
                                0x846 (size before relaxing)
 .debug_str     0x00001658      0x199 ..\obj\stm32f4xx_gpio.o
                                0x499 (size before relaxing)
 .debug_str     0x000017f1      0x10e ..\obj\system_stm32f4xx.o
                                0x3a0 (size before relaxing)
 .debug_str     0x000018ff      0x126 ..\obj\misc.o
                                0x3c4 (size before relaxing)
 .debug_str     0x00001a25      0x9f4 ..\obj\stm32f4xx_tim.o
                                0xdc6 (size before relaxing)

.comment        0x00000000       0x70
 .comment       0x00000000       0x70 ..\obj\stm32f4xx_usart.o
                                 0x71 (size before relaxing)
 .comment       0x00000000       0x71 ..\obj\startup_stm32f4xx.o
 .comment       0x00000000       0x71 ..\obj\main.o
 .comment       0x00000000       0x71 ..\obj\stm32f4xx_rcc.o
 .comment       0x00000000       0x71 ..\obj\stm32f4xx_gpio.o
 .comment       0x00000000       0x71 ..\obj\system_stm32f4xx.o
 .comment       0x00000000       0x71 ..\obj\misc.o
 .comment       0x00000000       0x71 ..\obj\stm32f4xx_tim.o

.ARM.attributes
                0x00000000       0x33
 .ARM.attributes
                0x00000000       0x33 ..\obj\stm32f4xx_usart.o
 .ARM.attributes
                0x00000033       0x33 ..\obj\startup_stm32f4xx.o
 .ARM.attributes
                0x00000066       0x33 ..\obj\main.o
 .ARM.attributes
                0x00000099       0x33 ..\obj\stm32f4xx_rcc.o
 .ARM.attributes
                0x000000cc       0x33 ..\obj\stm32f4xx_gpio.o
 .ARM.attributes
                0x000000ff       0x33 ..\obj\system_stm32f4xx.o
 .ARM.attributes
                0x00000132       0x33 ..\obj\misc.o
 .ARM.attributes
                0x00000165       0x33 ..\obj\stm32f4xx_tim.o
 .ARM.attributes
                0x00000198       0x1e f:/bin/ggctoolchain/bin/../lib/gcc/arm-none-eabi/4.9.3/armv7e-m\libgcc.a(_arm_addsubdf3.o)
 .ARM.attributes
                0x000001b6       0x1e f:/bin/ggctoolchain/bin/../lib/gcc/arm-none-eabi/4.9.3/armv7e-m\libgcc.a(_arm_muldivdf3.o)
 .ARM.attributes
                0x000001d4       0x1e f:/bin/ggctoolchain/bin/../lib/gcc/arm-none-eabi/4.9.3/armv7e-m\libgcc.a(_arm_truncdfsf2.o)
 .ARM.attributes
                0x000001f2       0x1e f:/bin/ggctoolchain/bin/../lib/gcc/arm-none-eabi/4.9.3/armv7e-m\libgcc.a(_arm_addsubsf3.o)
 .ARM.attributes
                0x00000210       0x1e f:/bin/ggctoolchain/bin/../lib/gcc/arm-none-eabi/4.9.3/armv7e-m\libgcc.a(_arm_muldivsf3.o)
 .ARM.attributes
                0x0000022e       0x1e f:/bin/ggctoolchain/bin/../lib/gcc/arm-none-eabi/4.9.3/armv7e-m\libgcc.a(_arm_cmpsf2.o)
 .ARM.attributes
                0x0000024c       0x1e f:/bin/ggctoolchain/bin/../lib/gcc/arm-none-eabi/4.9.3/armv7e-m\libgcc.a(_arm_fixunssfsi.o)
 .ARM.attributes
                0x0000026a       0x2e f:/bin/ggctoolchain/bin/../lib/gcc/arm-none-eabi/4.9.3/../../../../arm-none-eabi/lib/armv7e-m\libg.a(lib_a-atoi.o)
 .ARM.attributes
                0x00000298       0x2e f:/bin/ggctoolchain/bin/../lib/gcc/arm-none-eabi/4.9.3/../../../../arm-none-eabi/lib/armv7e-m\libg.a(lib_a-strtol.o)
 .ARM.attributes
                0x000002c6       0x2e f:/bin/ggctoolchain/bin/../lib/gcc/arm-none-eabi/4.9.3/../../../../arm-none-eabi/lib/armv7e-m\libg.a(lib_a-ctype_.o)
 .ARM.attributes
                0x000002f4       0x2e f:/bin/ggctoolchain/bin/../lib/gcc/arm-none-eabi/4.9.3/../../../../arm-none-eabi/lib/armv7e-m\libg.a(lib_a-impure.o)

.debug_frame    0x00000000     0x1f28
 .debug_frame   0x00000000      0x490 ..\obj\stm32f4xx_usart.o
 .debug_frame   0x00000490       0x4c ..\obj\startup_stm32f4xx.o
 .debug_frame   0x000004dc      0x110 ..\obj\main.o
 .debug_frame   0x000005ec      0x6d4 ..\obj\stm32f4xx_rcc.o
 .debug_frame   0x00000cc0      0x23c ..\obj\stm32f4xx_gpio.o
 .debug_frame   0x00000efc       0x7c ..\obj\system_stm32f4xx.o
 .debug_frame   0x00000f78       0xd8 ..\obj\misc.o
 .debug_frame   0x00001050      0xe54 ..\obj\stm32f4xx_tim.o
 .debug_frame   0x00001ea4       0x30 f:/bin/ggctoolchain/bin/../lib/gcc/arm-none-eabi/4.9.3/../../../../arm-none-eabi/lib/armv7e-m\libg.a(lib_a-atoi.o)
 .debug_frame   0x00001ed4       0x54 f:/bin/ggctoolchain/bin/../lib/gcc/arm-none-eabi/4.9.3/../../../../arm-none-eabi/lib/armv7e-m\libg.a(lib_a-strtol.o)
